2025-10-19 21:04:45 | INFO | Iniciando validações...
2025-10-19 21:04:47 | INFO | 🚀 Iniciando MultiThreadAccountManager com 3 threads máximas
2025-10-19 21:04:47 | INFO | Carregados 19 proxies ativos
2025-10-19 21:04:47 | INFO | Carregadas 1 contas para criação
2025-10-19 21:04:47 | INFO | Execução configurada para 1 threads (máximo: 3)
2025-10-19 21:04:47 | INFO | Processando 1 contas com 19 proxies disponíveis
2025-10-19 21:04:47 | INFO | Anexando resultados ao arquivo existente: C:\Users\tiago\OneDrive\Documentos\python\APOGEU\instagram_automation\instagram_account creation\multi-thread account creation\data\accounts_created.csv
2025-10-19 21:04:47 | INFO | Processando 1 contas em 1 threads
2025-10-19 21:04:47 | INFO | Iniciando Thread 1: devops_pedro157 -> Proxy 156.228.87.217:3129
2025-10-19 21:04:47 | INFO | Thread 1 inicializada com proxy 156.228.87.217:3129
2025-10-19 21:04:47 | ERROR | Erro ao carregar config: [Errno 2] No such file or directory: 'config/config.yaml'
2025-10-19 21:04:47 | ERROR | Arquivo de proxies não encontrado: config/proxies.csv
2025-10-19 21:04:47 | INFO | AntiDetection inicializado com 0
2025-10-19 21:04:47 | INFO | BrowserHandler inicializado para Thread 1
2025-10-19 21:04:47 | INFO | Iniciando criação do driver undetected...
2025-10-19 21:04:47 | INFO | Opções configuradas, criando driver Chrome...
2025-10-19 21:04:55 | INFO | Driver criado com sucesso, configurando timeouts...
2025-10-19 21:04:55 | INFO | Configurações CDP aplicadas com sucesso
2025-10-19 21:04:55 | INFO | Navegador undetected configurado com sucesso. Fingerprint: Mozilla/5.0 (Windows NT 10.0; Win64; x64) AppleWeb...
2025-10-19 21:04:55 | INFO | Thread 1: Driver inicializado com sucesso.
2025-10-19 21:04:55 | INFO | Thread 1: Browser inicializado com sucesso
2025-10-19 21:04:55 | INFO | Thread 1: Inicialização completa com sucesso
2025-10-19 21:04:55 | INFO | Thread 1: Iniciando criação de conta: devops_pedro157 | automacao_conta47@devops-apogeu.uk
2025-10-19 21:04:55 | INFO | Thread 1: Navegando para: https://www.instagram.com/accounts/emailsignup/
2025-10-19 21:04:55 | INFO | Thread 1: Navegando para https://www.instagram.com/accounts/emailsignup/
2025-10-19 21:05:22 | INFO | Thread 1: URL atual após navegação: https://www.instagram.com/accounts/emailsignup/
2025-10-19 21:05:32 | INFO | Thread 1: Aguardando página de signup...
2025-10-19 21:05:32 | INFO | Thread 1: Página de signup detectada: https://www.instagram.com/accounts/emailsignup/
2025-10-19 21:05:32 | INFO | Thread 1: Preenchendo formulário de cadastro...
2025-10-19 21:05:59 | INFO | Thread 1: Preenchendo data de nascimento...
2025-10-19 21:06:13 | INFO | Thread 1: Procurando código de verificação para email: automacao_conta47@devops-apogeu.uk
2025-10-19 21:06:14 | INFO | Thread 1: Tentativa 1/5 para buscar código...
2025-10-19 21:06:15 | INFO | Thread 1: Código de verificação encontrado no assunto: 527031
2025-10-19 21:06:16 | INFO | Thread 1: Inserindo código de verificação: 527031
2025-10-19 21:06:23 | INFO | Detalhes da conta (Thread 1) => Email: automacao_conta47@devops-apogeu.uk - username: devops_pedro157 - psw: jfrh78FVdriW.frj - Status: success - fingerprint: 156.228.87.217:3129
2025-10-19 21:06:23 | INFO | Thread 1: Conta criada com sucesso: devops_pedro157
2025-10-19 21:06:23 | INFO | Thread 1: Fechando navegador.
2025-10-19 21:06:24 | INFO | Thread 1: Browser fechado com sucesso
2025-10-19 21:06:24 | WARNING | Thread 1: Browser já estava fechado ou não inicializado
2025-10-19 21:06:24 | INFO | Thread 1: Cleanup realizado com sucesso
2025-10-19 21:06:24 | INFO | ✅ Thread 1: Conta devops_pedro157 criada com sucesso
2025-10-19 21:06:24 | INFO | 📊 RESULTADOS FINAIS:
2025-10-19 21:06:24 | INFO | ✅ Contas criadas com sucesso: 1
2025-10-19 21:06:24 | INFO | ❌ Falhas: 0
2025-10-19 21:06:24 | INFO | ⏱️ Tempo total de execução: 96.63 segundos
2025-10-19 21:06:24 | INFO | 📁 Resultados salvos em: C:\Users\tiago\OneDrive\Documentos\python\APOGEU\instagram_automation\instagram_account creation\multi-thread account creation\data\accounts_created.csv
2025-10-19 21:06:24 | INFO | Automação concluída com sucesso
